.
./afterclean.lst
./AUTHORS
./ChangeLog
./cleansrc.lst
./config.h
./config.h.in
./configure.ac
./COPYING
./dd
./genauto.sh
./Makefile.am
./NEWS
./pirs
./pirs/BaseCallingProfile.cpp
./pirs/BaseCallingProfile.h
./pirs/CCRspline.h
./pirs/GCBiasProfile.cpp
./pirs/GCBiasProfile.h
./pirs/gccMakefile
./pirs/IndelProfile.cpp
./pirs/IndelProfile.h
./pirs/InputStream.cpp
./pirs/InputStream.h
./pirs/Lock.h
./pirs/main.cpp
./pirs/Makefile
./pirs/Makefile.am
./pirs/MaskQvalsByEamss.cpp
./pirs/MaskQvalsByEamss.h
./pirs/mt19937-64.cpp
./pirs/mt19937-64.h
./pirs/OutputStream.cpp
./pirs/OutputStream.h
./pirs/pirs_diploid.cpp
./pirs/pirs.h
./pirs/pirs_simulate.cpp
./pirs/Profile.cpp
./pirs/Profile.h
./pirs/Profiles
./pirs/Profiles/Base-Calling_Profiles
./pirs/Profiles/Base-Calling_Profiles/HG00513.PE76.matrix.gz
./pirs/Profiles/Base-Calling_Profiles/HG00536.PE76.matrix.gz
./pirs/Profiles/Base-Calling_Profiles/HG00702.PE91.matrix.gz
./pirs/Profiles/Base-Calling_Profiles/humNew.PE100.matrix.gz
./pirs/Profiles/GC-depth_Profiles
./pirs/Profiles/GC-depth_Profiles/humNew.gcdep_100.dat
./pirs/Profiles/GC-depth_Profiles/humNew.gcdep_150.dat
./pirs/Profiles/GC-depth_Profiles/humNew.gcdep_200.dat
./pirs/Profiles/InDel_Profiles
./pirs/Profiles/InDel_Profiles/phixv2.InDel.matrix
./pirs/Random.h
./pirs/Read.h
./pirs/README
./pirs/SFMT-src-1.4
./pirs/SFMT-src-1.4/SFMT.c
./pirs/SFMT-src-1.4/SFMT-common.h
./pirs/SFMT-src-1.4/SFMT.h
./pirs/SFMT-src-1.4/SFMT-params19937.h
./pirs/SFMT-src-1.4/SFMT-params.h
./pirs/SharedQueue.h
./pirs/SimulationParameters.h
./pirs/test
./pirs/test/pirs.sh
./pirs/test/ref_seq.fa
./pirs/util.cpp
./pirs/util.h
./README
./srclean.sh
./stator
./stator/alignment_stator.pl
./stator/baseCallingMatrix
./stator/baseCallingMatrix/autobam.pl
./stator/baseCallingMatrix/baseCalling_Matrix_analyzer.pl
./stator/baseCallingMatrix/baseCalling_Matrix_calculator.pl
./stator/baseCallingMatrix/baseCalling_Matrix_merger.old.pl
./stator/baseCallingMatrix/baseCalling_Matrix_merger.pl
./stator/baseQualityTransition
./stator/baseQualityTransition/gethist.pl
./stator/baseQualityTransition/hist.dem
./stator/baseQualityTransition/ifollowQmerge.pl
./stator/baseQualityTransition/ifollowQ.pl
./stator/baseQualityTransition/ifollowQplot.dem
./stator/baseQualityTransition/ifollowQplot.pl
./stator/baseQualityTransition/ifqQ.pl
./stator/baseQualityTransition/itilestator.pl
./stator/baseQualityTransition/pifollowQmerge.pl
./stator/gcContCvgBias
./stator/gcContCvgBias/gc_coverage_bias_plot.pl
./stator/gcContCvgBias/gcdeptest.depth.gz
./stator/gcContCvgBias/gcdeptestref.fa.gz
./stator/gcContCvgBias/gzstream.cpp
./stator/gcContCvgBias/gzstream.h
./stator/gcContCvgBias/loess.pl
./stator/gcContCvgBias/main.cpp
./stator/gcContCvgBias/Makefile
./stator/gcContCvgBias/self_util.cpp
./stator/gcContCvgBias/self_util.h
./stator/gcContCvgBias/stat_soap_coverage.cpp
./stator/gcContCvgBias/stat_soap_coverage.h
./stator/indel_hist.dem
./stator/indelstat_sam_bam.pl
./stator/readme.txt
