seq	5630	+	100	GCCAGGCACAATTACACCAATCAGGTTTTCCCGCCATGTAGTGCTTCAACTTGTCACTGAATCCAGCTAAGGTATGTACGCACTTCTAACAATCCTTCCT
seq	10634	+	1	C
seq	18301	-	1	C
seq	22479	-	3	GGG
seq	35241	+	2	TC
seq	36175	-	4	CAGA
seq	47052	+	1	T
seq	56208	-	1	T
seq	64266	+	100	TACGAGACGAAACGACTTCGACAGGCCTACGTCGCAAACCAACCGCGCATGTAGCGTGATTGGTATTTTAATACAGGGGCAAAAGCCCTCACTGAGCTCT
seq	72039	-	1	G
seq	72756	-	1	C
seq	77918	-	1	C
seq	81617	+	1	T
seq	97610	-	1	C
seq	100770	+	1	C
seq	113693	+	1	G
seq	143347	-	1	A
seq	162473	+	1	G
seq	163691	+	1	G
seq	169744	+	1	C
seq	173614	-	1	T
seq	178218	-	1	G
seq	193810	+	1	A
seq	195429	+	200	ATGCTGCGAGTCAACCTTCCTAGGTTACCCAATGCGTCATTTTTTAACGCGCCTTTGTAGTAGGCTAAATTGGGCACACTCTACGTATGACCTTTAGGACCTTTAATCAAAAGACATCTCCACATAAAGACTGACGAATTTTTCTACGCTTGTACCTCCCAGTGGAAGATCTGAACAATCTGGGCTTAAACAGAGAAGCT
seq	214855	+	100	CGGTCCACCTCAATGCGACGAGCCCTCCAGACTCTAGTCTCGTCCCGTCTAACCCGAGGATGAGTTGCGTATATACTGTACTACACTAGCTCGTTCGCCA
seq	230103	-	1	C
seq	232362	+	1	A
seq	245472	+	1	C
seq	266350	+	2	GA
seq	279662	+	200	TGAGTTGAGCCGGTGAACCGAAGGCTCAATATCACATGTCTATCTAAGCCAAAGGCCTCAGATGATGGCCTAACCTCCCGCAGCGTGGGGGTGCCGATACTGCTTCGAGGGTGTAAGCGATATCAATAGGACACATGGTTACGGACCGGTCCGAGGTCGCTGGTGGGAACTTCACCCGGTATAGTGAGTGTCTCACTCCG
seq	284865	-	100	TAATGTCACGTCGAAACCACAATCATCTGTGCCCCAGACCGGGAGAGATAGTCTGCAGCCGACAATTCGCCGCTTGACATCACCGGGCTCCTCGCATAAT
seq	313173	-	1	G
seq	323933	+	2	GT
seq	348899	-	1	G
seq	354289	+	100	CTTGTATCTTATCTCCAATTCGTATGCTATGCCCGACCCAACTCAAGAACGAGCACTCAGAGTCTCCAGGAGTTTGTCGGCAGTCGATTTCTCATTAATG
seq	372751	-	2	AT
seq	385742	+	2	CG
seq	403867	-	2	GC
seq	435557	-	2	AA
seq	441335	+	1	T
seq	444751	-	1	G
seq	450920	+	1	A
seq	456758	+	1	C
seq	461243	+	3	GGT
seq	485267	-	4	GATT
seq	493313	+	1	G
seq	493644	-	1	C
seq	547233	-	2	AC
seq	554983	+	1	T
seq	556032	-	1	A
seq	560028	+	3	CTT
seq	564759	+	1	T
seq	565756	+	100	GTCGGACTTCTGATCTAGCTGCCTATGCGCAAACCGCGCATTCTGGCGAGCGTCCTATACTACTCGAGTCCGAGACACTATTGCAGAACTCATCGTTGCG
seq	566074	+	2	TG
seq	567065	-	1	A
seq	595192	+	1	T
seq	595746	+	1	G
seq	605724	-	1	C
seq	613804	+	1	A
seq	614587	-	3	TCG
seq	630291	-	1	A
seq	631404	-	2	AG
seq	650936	+	1	T
seq	651957	+	3	TAA
seq	655873	+	1	G
seq	658701	+	4	ATCC
seq	665022	-	1	T
seq	675382	+	2	AC
seq	675843	-	3	ATT
seq	687029	-	1	G
seq	698163	+	1	T
seq	707055	+	1	T
seq	713891	-	1	A
seq	715871	+	1	A
seq	731635	+	100	AGCTCGCAATAGGGCACATCAAAGCCGCACCATGTTTATTTTCAACACCGGAGGGTTAATACGTGCGCAAATTCTTGGAGACGGTACCAAAACGGTGAAG
seq	734621	+	100	AACGATCGCAACCGTAGACCAACAGTTAGGGGGGAGCATGATTCAGCGGCTCCTCTGAGAGACTGCCTCACCGAGGGGATTGAACCTTCCGGATCGAGAA
seq	736261	+	1	C
seq	744765	+	1	C
seq	745780	-	1	A
seq	748643	-	2	CG
seq	752713	+	1	C
seq	777884	-	1	T
seq	808071	+	3	TAG
seq	811560	+	1	C
seq	813630	-	1	G
seq	826968	+	1	G
seq	828481	+	1	A
seq	853869	+	3	CCT
seq	871406	+	1	T
seq	876714	+	1	C
seq	883280	+	1	T
seq	897704	+	500	AGGGGGAAGTCATTATAATTACAGCAGATTTGACAGTAGCTTAGGAACATAAATCCTTCGGAAGCAATAGATCAAGTATTTTGTGTACGCGACGCGCCCCGATTATCTTACGGTCAGCAAGGATACCCCCCTCAGCTGTGGAAATCTCGTCACCTCCACGCGCGGTGCCCTGCTGAACCGAGGCTCCACGGCATTGCCTGGGATCCTCGATCGCGAGTATCCACAGTCTGGAAGTCTCGACCCGGTGACGGGTGGGACTGGCGGGCGCGACGAGAGAGCCATTGCCAACTGTTACCCTGGGGAGAAAAGCCGATAAAAACGGACGAGTTACCGCTCCGCTTCAGAAGATGACAAGGAACGACTCGCGGTTCGACAAAGTTATAATGGGGGAGTTTCACTTTTATAAGACCTCATATCGCTACATTTTTTGCGCCCACTAGAGGACGGCATATTAGGGCCCGGTTTATTGGCGATCCCTGAGCTCCCTTCTATCTGTGAGA
seq	909421	+	100	GTGGCTTGGAGTCCAGCGAGCACGGTCATTACCGTGACAGCCCGGAATGACTTGCCACCTACTCTGTTTGAATCGCCCTTCAGACGCCTGATTTTCAGAT
seq	912368	+	1	A
seq	918994	-	1	A
seq	923107	-	2	CA
seq	939580	-	2	GC
seq	941065	-	1	C
seq	962937	+	1	A
seq	971611	-	3	GCC
seq	973833	-	1	G
seq	982163	+	2	GT
seq	988892	+	1	A
seq	992419	-	1	C
